// Jest Snapshot v1, https://goo.gl/fbAQLP

exports[`<Loader /> snapshot render 1`] = `
<div>
  <img
    alt="Loader Image"
    className="Loader-image-1"
    src="hydra_eco_logo.png"
  />
</div>
`;
